// Jest Snapshot v1, https://goo.gl/fbAQLP

exports[`TransactionMediator should invoke middleware 1`] = `
Array [
  "BeforeHandler - transactionId: 0",
  "QueryHandler - transactionId: 0",
  "Repo (0) -> findById [transactionId: 0], entities: todo",
  "AfterHandler - transactionId: 1",
  "Repo (0) -> persist [transactionId: 1], entities: todo",
]
`;
